
> frontend@0.0.0 build
> vite build

vite v8.0.0 building client environment for production...
[2Ktransforming...✓ 505 modules transformed.
rendering chunks...
computing gzip size...
dist/index.html                   1.66 kB │ gzip:   0.67 kB
dist/assets/index-oABGgCkD.css   42.66 kB │ gzip:   8.43 kB
dist/assets/index-DMYoImv3.js   464.67 kB │ gzip: 146.60 kB

✓ built in 544ms
