============================= test session starts ==============================
platform darwin -- Python 3.14.2, pytest-9.0.2, pluggy-1.6.0
rootdir: /Users/abhivandantandon/Desktop/emocare-ai/backend
plugins: anyio-4.13.0
collected 0 items

============================ no tests ran in 0.01s =============================
